// Jest Snapshot v1, https://goo.gl/fbAQLP

exports[`musicPageBuilder should create a music page with proper structure 1`] = `
"{{Infobox Music
|name = Stones of Old
|file = [[File:Stones of Old.ogg]]
|members = Yes
|hint = This track unlocks in Quetzacalli Gorge.
|quest = No
|duration = 3:54
}}
'''Stones of Old''' is a [[music]] track that is unlocked in Quetzacalli Gorge.

{{Music}}
[[Category:Old School-exclusive music]]"
`;
