// Jest Snapshot v1, https://goo.gl/fbAQLP

exports[`Scenery Infobox buildsceneryInfobox 1`] = `
"{{New Content}}
{{Infobox Scenery
|name = name
|image = [[File:name.png]]
|release = [[1 January]] [[1999]]
|update = update
|members = Yes
|quest = No
|options = action1, action2
|examine = 
|map = No
|id = 1
}}
[[File:name detail.png|130px|left]]
'''name'''"
`;
